  SceneManager.cpp
C:\Users\DELL\Desktop\CS330Content\CS330Content\Projects\7-1_FinalProjectMilestones\Source\SceneManager.cpp(239,16): warning C4018: '<': signed/unsigned mismatch
C:\Users\DELL\Desktop\CS330Content\CS330Content\Projects\7-1_FinalProjectMilestones\Source\SceneManager.cpp(460,27): warning C4305: '=': truncation from 'double' to 'float'
C:\Users\DELL\Desktop\CS330Content\CS330Content\Projects\7-1_FinalProjectMilestones\Source\SceneManager.cpp(611,27): warning C4305: 'argument': truncation from 'double' to 'float'
C:\Users\DELL\Desktop\CS330Content\CS330Content\Projects\7-1_FinalProjectMilestones\Source\SceneManager.cpp(611,22): warning C4305: 'argument': truncation from 'double' to 'float'
C:\Users\DELL\Desktop\CS330Content\CS330Content\Projects\7-1_FinalProjectMilestones\Source\SceneManager.cpp(611,17): warning C4305: 'argument': truncation from 'double' to 'float'
C:\Users\DELL\Desktop\CS330Content\CS330Content\Projects\7-1_FinalProjectMilestones\Source\SceneManager.cpp(781,27): warning C4305: 'argument': truncation from 'double' to 'float'
C:\Users\DELL\Desktop\CS330Content\CS330Content\Projects\7-1_FinalProjectMilestones\Source\SceneManager.cpp(781,22): warning C4305: 'argument': truncation from 'double' to 'float'
C:\Users\DELL\Desktop\CS330Content\CS330Content\Projects\7-1_FinalProjectMilestones\Source\SceneManager.cpp(781,17): warning C4305: 'argument': truncation from 'double' to 'float'
C:\Users\DELL\Desktop\CS330Content\CS330Content\Projects\7-1_FinalProjectMilestones\Source\SceneManager.cpp(867,27): warning C4305: 'argument': truncation from 'double' to 'float'
C:\Users\DELL\Desktop\CS330Content\CS330Content\Projects\7-1_FinalProjectMilestones\Source\SceneManager.cpp(867,22): warning C4305: 'argument': truncation from 'double' to 'float'
C:\Users\DELL\Desktop\CS330Content\CS330Content\Projects\7-1_FinalProjectMilestones\Source\SceneManager.cpp(867,17): warning C4305: 'argument': truncation from 'double' to 'float'
C:\Users\DELL\Desktop\CS330Content\CS330Content\Projects\7-1_FinalProjectMilestones\Source\SceneManager.cpp(950,25): warning C4305: 'argument': truncation from 'double' to 'float'
C:\Users\DELL\Desktop\CS330Content\CS330Content\Projects\7-1_FinalProjectMilestones\Source\SceneManager.cpp(950,21): warning C4305: 'argument': truncation from 'double' to 'float'
C:\Users\DELL\Desktop\CS330Content\CS330Content\Projects\7-1_FinalProjectMilestones\Source\SceneManager.cpp(950,17): warning C4305: 'argument': truncation from 'double' to 'float'
C:\Users\DELL\Desktop\CS330Content\CS330Content\Projects\7-1_FinalProjectMilestones\Source\SceneManager.cpp(1008,26): warning C4305: 'argument': truncation from 'double' to 'float'
C:\Users\DELL\Desktop\CS330Content\CS330Content\Projects\7-1_FinalProjectMilestones\Source\SceneManager.cpp(1008,17): warning C4305: 'argument': truncation from 'double' to 'float'
C:\Users\DELL\Desktop\CS330Content\CS330Content\Projects\7-1_FinalProjectMilestones\Source\SceneManager.cpp(1068,27): warning C4305: 'argument': truncation from 'double' to 'float'
C:\Users\DELL\Desktop\CS330Content\CS330Content\Projects\7-1_FinalProjectMilestones\Source\SceneManager.cpp(1068,22): warning C4305: 'argument': truncation from 'double' to 'float'
C:\Users\DELL\Desktop\CS330Content\CS330Content\Projects\7-1_FinalProjectMilestones\Source\SceneManager.cpp(1068,17): warning C4305: 'argument': truncation from 'double' to 'float'
C:\Users\DELL\Desktop\CS330Content\CS330Content\Projects\7-1_FinalProjectMilestones\Source\SceneManager.cpp(1097,20): warning C4305: 'argument': truncation from 'double' to 'float'
C:\Users\DELL\Desktop\CS330Content\CS330Content\Projects\7-1_FinalProjectMilestones\Source\SceneManager.cpp(1125,17): warning C4305: 'argument': truncation from 'double' to 'float'
C:\Users\DELL\Desktop\CS330Content\CS330Content\Projects\7-1_FinalProjectMilestones\Source\SceneManager.cpp(1181,20): warning C4305: 'argument': truncation from 'double' to 'float'
C:\Users\DELL\Desktop\CS330Content\CS330Content\Projects\7-1_FinalProjectMilestones\Source\SceneManager.cpp(1210,25): warning C4305: 'argument': truncation from 'double' to 'float'
C:\Users\DELL\Desktop\CS330Content\CS330Content\Projects\7-1_FinalProjectMilestones\Source\SceneManager.cpp(1210,21): warning C4305: 'argument': truncation from 'double' to 'float'
C:\Users\DELL\Desktop\CS330Content\CS330Content\Projects\7-1_FinalProjectMilestones\Source\SceneManager.cpp(1210,17): warning C4305: 'argument': truncation from 'double' to 'float'
C:\Users\DELL\Desktop\CS330Content\CS330Content\Projects\7-1_FinalProjectMilestones\Source\SceneManager.cpp(1238,27): warning C4305: 'argument': truncation from 'double' to 'float'
C:\Users\DELL\Desktop\CS330Content\CS330Content\Projects\7-1_FinalProjectMilestones\Source\SceneManager.cpp(1238,22): warning C4305: 'argument': truncation from 'double' to 'float'
C:\Users\DELL\Desktop\CS330Content\CS330Content\Projects\7-1_FinalProjectMilestones\Source\SceneManager.cpp(1238,17): warning C4305: 'argument': truncation from 'double' to 'float'
C:\Users\DELL\Desktop\CS330Content\CS330Content\Projects\7-1_FinalProjectMilestones\Source\SceneManager.cpp(1295,20): warning C4305: 'argument': truncation from 'double' to 'float'
C:\Users\DELL\Desktop\CS330Content\CS330Content\Projects\7-1_FinalProjectMilestones\Source\SceneManager.cpp(1323,20): warning C4305: 'argument': truncation from 'double' to 'float'
C:\Users\DELL\Desktop\CS330Content\CS330Content\Projects\7-1_FinalProjectMilestones\Source\SceneManager.cpp(1351,20): warning C4305: 'argument': truncation from 'double' to 'float'
C:\Users\DELL\Desktop\CS330Content\CS330Content\Projects\7-1_FinalProjectMilestones\Source\SceneManager.cpp(1379,20): warning C4305: 'argument': truncation from 'double' to 'float'
C:\Users\DELL\Desktop\CS330Content\CS330Content\Projects\7-1_FinalProjectMilestones\Source\SceneManager.cpp(1407,20): warning C4305: 'argument': truncation from 'double' to 'float'
C:\Users\DELL\Desktop\CS330Content\CS330Content\Projects\7-1_FinalProjectMilestones\Source\SceneManager.cpp(1435,20): warning C4305: 'argument': truncation from 'double' to 'float'
C:\Users\DELL\Desktop\CS330Content\CS330Content\Projects\7-1_FinalProjectMilestones\Source\SceneManager.cpp(1463,20): warning C4305: 'argument': truncation from 'double' to 'float'
C:\Users\DELL\Desktop\CS330Content\CS330Content\Projects\7-1_FinalProjectMilestones\Source\SceneManager.cpp(1492,25): warning C4305: 'argument': truncation from 'double' to 'float'
C:\Users\DELL\Desktop\CS330Content\CS330Content\Projects\7-1_FinalProjectMilestones\Source\SceneManager.cpp(1492,21): warning C4305: 'argument': truncation from 'double' to 'float'
C:\Users\DELL\Desktop\CS330Content\CS330Content\Projects\7-1_FinalProjectMilestones\Source\SceneManager.cpp(1492,17): warning C4305: 'argument': truncation from 'double' to 'float'
C:\Users\DELL\Desktop\CS330Content\CS330Content\Projects\7-1_FinalProjectMilestones\Source\SceneManager.cpp(1520,25): warning C4305: 'argument': truncation from 'double' to 'float'
C:\Users\DELL\Desktop\CS330Content\CS330Content\Projects\7-1_FinalProjectMilestones\Source\SceneManager.cpp(1520,21): warning C4305: 'argument': truncation from 'double' to 'float'
C:\Users\DELL\Desktop\CS330Content\CS330Content\Projects\7-1_FinalProjectMilestones\Source\SceneManager.cpp(1520,17): warning C4305: 'argument': truncation from 'double' to 'float'
C:\Users\DELL\Desktop\CS330Content\CS330Content\Projects\7-1_FinalProjectMilestones\Source\SceneManager.cpp(1548,25): warning C4305: 'argument': truncation from 'double' to 'float'
C:\Users\DELL\Desktop\CS330Content\CS330Content\Projects\7-1_FinalProjectMilestones\Source\SceneManager.cpp(1548,21): warning C4305: 'argument': truncation from 'double' to 'float'
C:\Users\DELL\Desktop\CS330Content\CS330Content\Projects\7-1_FinalProjectMilestones\Source\SceneManager.cpp(1548,17): warning C4305: 'argument': truncation from 'double' to 'float'
C:\Users\DELL\Desktop\CS330Content\CS330Content\Projects\7-1_FinalProjectMilestones\Source\SceneManager.cpp(1576,25): warning C4305: 'argument': truncation from 'double' to 'float'
C:\Users\DELL\Desktop\CS330Content\CS330Content\Projects\7-1_FinalProjectMilestones\Source\SceneManager.cpp(1576,21): warning C4305: 'argument': truncation from 'double' to 'float'
C:\Users\DELL\Desktop\CS330Content\CS330Content\Projects\7-1_FinalProjectMilestones\Source\SceneManager.cpp(1576,17): warning C4305: 'argument': truncation from 'double' to 'float'
C:\Users\DELL\Desktop\CS330Content\CS330Content\Projects\7-1_FinalProjectMilestones\Source\SceneManager.cpp(1605,27): warning C4305: 'argument': truncation from 'double' to 'float'
C:\Users\DELL\Desktop\CS330Content\CS330Content\Projects\7-1_FinalProjectMilestones\Source\SceneManager.cpp(1605,22): warning C4305: 'argument': truncation from 'double' to 'float'
C:\Users\DELL\Desktop\CS330Content\CS330Content\Projects\7-1_FinalProjectMilestones\Source\SceneManager.cpp(1605,17): warning C4305: 'argument': truncation from 'double' to 'float'
C:\Users\DELL\Desktop\CS330Content\CS330Content\Projects\7-1_FinalProjectMilestones\Source\SceneManager.cpp(1633,25): warning C4305: 'argument': truncation from 'double' to 'float'
C:\Users\DELL\Desktop\CS330Content\CS330Content\Projects\7-1_FinalProjectMilestones\Source\SceneManager.cpp(1633,21): warning C4305: 'argument': truncation from 'double' to 'float'
C:\Users\DELL\Desktop\CS330Content\CS330Content\Projects\7-1_FinalProjectMilestones\Source\SceneManager.cpp(1633,17): warning C4305: 'argument': truncation from 'double' to 'float'
C:\Users\DELL\Desktop\CS330Content\CS330Content\Projects\7-1_FinalProjectMilestones\Source\SceneManager.cpp(1661,25): warning C4305: 'argument': truncation from 'double' to 'float'
C:\Users\DELL\Desktop\CS330Content\CS330Content\Projects\7-1_FinalProjectMilestones\Source\SceneManager.cpp(1661,21): warning C4305: 'argument': truncation from 'double' to 'float'
C:\Users\DELL\Desktop\CS330Content\CS330Content\Projects\7-1_FinalProjectMilestones\Source\SceneManager.cpp(1661,17): warning C4305: 'argument': truncation from 'double' to 'float'
C:\Users\DELL\Desktop\CS330Content\CS330Content\Projects\7-1_FinalProjectMilestones\Source\SceneManager.cpp(1691,25): warning C4305: 'argument': truncation from 'double' to 'float'
C:\Users\DELL\Desktop\CS330Content\CS330Content\Projects\7-1_FinalProjectMilestones\Source\SceneManager.cpp(1691,21): warning C4305: 'argument': truncation from 'double' to 'float'
C:\Users\DELL\Desktop\CS330Content\CS330Content\Projects\7-1_FinalProjectMilestones\Source\SceneManager.cpp(1691,17): warning C4305: 'argument': truncation from 'double' to 'float'
C:\Users\DELL\Desktop\CS330Content\CS330Content\Projects\7-1_FinalProjectMilestones\Source\SceneManager.cpp(1719,25): warning C4305: 'argument': truncation from 'double' to 'float'
C:\Users\DELL\Desktop\CS330Content\CS330Content\Projects\7-1_FinalProjectMilestones\Source\SceneManager.cpp(1719,21): warning C4305: 'argument': truncation from 'double' to 'float'
C:\Users\DELL\Desktop\CS330Content\CS330Content\Projects\7-1_FinalProjectMilestones\Source\SceneManager.cpp(1719,17): warning C4305: 'argument': truncation from 'double' to 'float'
C:\Users\DELL\Desktop\CS330Content\CS330Content\Projects\7-1_FinalProjectMilestones\Source\SceneManager.cpp(1747,25): warning C4305: 'argument': truncation from 'double' to 'float'
C:\Users\DELL\Desktop\CS330Content\CS330Content\Projects\7-1_FinalProjectMilestones\Source\SceneManager.cpp(1747,21): warning C4305: 'argument': truncation from 'double' to 'float'
C:\Users\DELL\Desktop\CS330Content\CS330Content\Projects\7-1_FinalProjectMilestones\Source\SceneManager.cpp(1747,17): warning C4305: 'argument': truncation from 'double' to 'float'
C:\Users\DELL\Desktop\CS330Content\CS330Content\Projects\7-1_FinalProjectMilestones\Source\SceneManager.cpp(1775,25): warning C4305: 'argument': truncation from 'double' to 'float'
C:\Users\DELL\Desktop\CS330Content\CS330Content\Projects\7-1_FinalProjectMilestones\Source\SceneManager.cpp(1775,21): warning C4305: 'argument': truncation from 'double' to 'float'
C:\Users\DELL\Desktop\CS330Content\CS330Content\Projects\7-1_FinalProjectMilestones\Source\SceneManager.cpp(1775,17): warning C4305: 'argument': truncation from 'double' to 'float'
C:\Users\DELL\Desktop\CS330Content\CS330Content\Projects\7-1_FinalProjectMilestones\Source\SceneManager.cpp(1803,25): warning C4305: 'argument': truncation from 'double' to 'float'
C:\Users\DELL\Desktop\CS330Content\CS330Content\Projects\7-1_FinalProjectMilestones\Source\SceneManager.cpp(1803,21): warning C4305: 'argument': truncation from 'double' to 'float'
C:\Users\DELL\Desktop\CS330Content\CS330Content\Projects\7-1_FinalProjectMilestones\Source\SceneManager.cpp(1803,17): warning C4305: 'argument': truncation from 'double' to 'float'
C:\Users\DELL\Desktop\CS330Content\CS330Content\Projects\7-1_FinalProjectMilestones\Source\SceneManager.cpp(1831,25): warning C4305: 'argument': truncation from 'double' to 'float'
C:\Users\DELL\Desktop\CS330Content\CS330Content\Projects\7-1_FinalProjectMilestones\Source\SceneManager.cpp(1831,21): warning C4305: 'argument': truncation from 'double' to 'float'
C:\Users\DELL\Desktop\CS330Content\CS330Content\Projects\7-1_FinalProjectMilestones\Source\SceneManager.cpp(1831,17): warning C4305: 'argument': truncation from 'double' to 'float'
C:\Users\DELL\Desktop\CS330Content\CS330Content\Projects\7-1_FinalProjectMilestones\Source\SceneManager.cpp(1862,27): warning C4305: 'argument': truncation from 'double' to 'float'
C:\Users\DELL\Desktop\CS330Content\CS330Content\Projects\7-1_FinalProjectMilestones\Source\SceneManager.cpp(1862,22): warning C4305: 'argument': truncation from 'double' to 'float'
C:\Users\DELL\Desktop\CS330Content\CS330Content\Projects\7-1_FinalProjectMilestones\Source\SceneManager.cpp(1862,17): warning C4305: 'argument': truncation from 'double' to 'float'
C:\Users\DELL\Desktop\CS330Content\CS330Content\Projects\7-1_FinalProjectMilestones\Source\SceneManager.cpp(1890,25): warning C4305: 'argument': truncation from 'double' to 'float'
C:\Users\DELL\Desktop\CS330Content\CS330Content\Projects\7-1_FinalProjectMilestones\Source\SceneManager.cpp(1890,21): warning C4305: 'argument': truncation from 'double' to 'float'
C:\Users\DELL\Desktop\CS330Content\CS330Content\Projects\7-1_FinalProjectMilestones\Source\SceneManager.cpp(1890,17): warning C4305: 'argument': truncation from 'double' to 'float'
C:\Users\DELL\Desktop\CS330Content\CS330Content\Projects\7-1_FinalProjectMilestones\Source\SceneManager.cpp(1918,27): warning C4305: 'argument': truncation from 'double' to 'float'
C:\Users\DELL\Desktop\CS330Content\CS330Content\Projects\7-1_FinalProjectMilestones\Source\SceneManager.cpp(1918,22): warning C4305: 'argument': truncation from 'double' to 'float'
C:\Users\DELL\Desktop\CS330Content\CS330Content\Projects\7-1_FinalProjectMilestones\Source\SceneManager.cpp(1918,17): warning C4305: 'argument': truncation from 'double' to 'float'
C:\Users\DELL\Desktop\CS330Content\CS330Content\Projects\7-1_FinalProjectMilestones\Source\SceneManager.cpp(1945,25): warning C4305: 'argument': truncation from 'double' to 'float'
C:\Users\DELL\Desktop\CS330Content\CS330Content\Projects\7-1_FinalProjectMilestones\Source\SceneManager.cpp(1945,21): warning C4305: 'argument': truncation from 'double' to 'float'
C:\Users\DELL\Desktop\CS330Content\CS330Content\Projects\7-1_FinalProjectMilestones\Source\SceneManager.cpp(1945,17): warning C4305: 'argument': truncation from 'double' to 'float'
C:\Users\DELL\Desktop\CS330Content\CS330Content\Projects\7-1_FinalProjectMilestones\Source\SceneManager.cpp(1973,27): warning C4305: 'argument': truncation from 'double' to 'float'
C:\Users\DELL\Desktop\CS330Content\CS330Content\Projects\7-1_FinalProjectMilestones\Source\SceneManager.cpp(1973,22): warning C4305: 'argument': truncation from 'double' to 'float'
C:\Users\DELL\Desktop\CS330Content\CS330Content\Projects\7-1_FinalProjectMilestones\Source\SceneManager.cpp(1973,17): warning C4305: 'argument': truncation from 'double' to 'float'
C:\Users\DELL\Desktop\CS330Content\CS330Content\Projects\7-1_FinalProjectMilestones\Source\SceneManager.cpp(2001,25): warning C4305: 'argument': truncation from 'double' to 'float'
C:\Users\DELL\Desktop\CS330Content\CS330Content\Projects\7-1_FinalProjectMilestones\Source\SceneManager.cpp(2001,21): warning C4305: 'argument': truncation from 'double' to 'float'
C:\Users\DELL\Desktop\CS330Content\CS330Content\Projects\7-1_FinalProjectMilestones\Source\SceneManager.cpp(2001,17): warning C4305: 'argument': truncation from 'double' to 'float'
C:\Users\DELL\Desktop\CS330Content\CS330Content\Projects\7-1_FinalProjectMilestones\Source\SceneManager.cpp(2029,27): warning C4305: 'argument': truncation from 'double' to 'float'
C:\Users\DELL\Desktop\CS330Content\CS330Content\Projects\7-1_FinalProjectMilestones\Source\SceneManager.cpp(2029,22): warning C4305: 'argument': truncation from 'double' to 'float'
C:\Users\DELL\Desktop\CS330Content\CS330Content\Projects\7-1_FinalProjectMilestones\Source\SceneManager.cpp(2029,17): warning C4305: 'argument': truncation from 'double' to 'float'
C:\Users\DELL\Desktop\CS330Content\CS330Content\Projects\7-1_FinalProjectMilestones\Source\SceneManager.cpp(2056,25): warning C4305: 'argument': truncation from 'double' to 'float'
C:\Users\DELL\Desktop\CS330Content\CS330Content\Projects\7-1_FinalProjectMilestones\Source\SceneManager.cpp(2056,21): warning C4305: 'argument': truncation from 'double' to 'float'
C:\Users\DELL\Desktop\CS330Content\CS330Content\Projects\7-1_FinalProjectMilestones\Source\SceneManager.cpp(2056,17): warning C4305: 'argument': truncation from 'double' to 'float'
C:\Users\DELL\Desktop\CS330Content\CS330Content\Projects\7-1_FinalProjectMilestones\Source\SceneManager.cpp(2085,27): warning C4305: 'argument': truncation from 'double' to 'float'
C:\Users\DELL\Desktop\CS330Content\CS330Content\Projects\7-1_FinalProjectMilestones\Source\SceneManager.cpp(2085,22): warning C4305: 'argument': truncation from 'double' to 'float'
C:\Users\DELL\Desktop\CS330Content\CS330Content\Projects\7-1_FinalProjectMilestones\Source\SceneManager.cpp(2085,17): warning C4305: 'argument': truncation from 'double' to 'float'
C:\Users\DELL\Desktop\CS330Content\CS330Content\Projects\7-1_FinalProjectMilestones\Source\SceneManager.cpp(2113,25): warning C4305: 'argument': truncation from 'double' to 'float'
C:\Users\DELL\Desktop\CS330Content\CS330Content\Projects\7-1_FinalProjectMilestones\Source\SceneManager.cpp(2113,21): warning C4305: 'argument': truncation from 'double' to 'float'
C:\Users\DELL\Desktop\CS330Content\CS330Content\Projects\7-1_FinalProjectMilestones\Source\SceneManager.cpp(2113,17): warning C4305: 'argument': truncation from 'double' to 'float'
C:\Users\DELL\Desktop\CS330Content\CS330Content\Projects\7-1_FinalProjectMilestones\Source\SceneManager.cpp(2141,25): warning C4305: 'argument': truncation from 'double' to 'float'
C:\Users\DELL\Desktop\CS330Content\CS330Content\Projects\7-1_FinalProjectMilestones\Source\SceneManager.cpp(2141,21): warning C4305: 'argument': truncation from 'double' to 'float'
C:\Users\DELL\Desktop\CS330Content\CS330Content\Projects\7-1_FinalProjectMilestones\Source\SceneManager.cpp(2141,17): warning C4305: 'argument': truncation from 'double' to 'float'
  7-1_FinalProjectMilestones.vcxproj -> C:\Users\DELL\Desktop\CS330Content\CS330Content\Projects\7-1_FinalProjectMilestones\Debug\7-1_FinalProjectMilestones.exe
  Copy EXE to Solution Folder
          1 file(s) copied.
