  SceneManager.cpp
C:\CS330Content2025\Projects\7-1_FinalProjectMilestones\Source\SceneManager.cpp(239,16): warning C4018: '<': signed/unsigned mismatch
C:\CS330Content2025\Projects\7-1_FinalProjectMilestones\Source\SceneManager.cpp(468,27): warning C4305: '=': truncation from 'double' to 'float'
C:\CS330Content2025\Projects\7-1_FinalProjectMilestones\Source\SceneManager.cpp(618,27): warning C4305: 'argument': truncation from 'double' to 'float'
C:\CS330Content2025\Projects\7-1_FinalProjectMilestones\Source\SceneManager.cpp(618,22): warning C4305: 'argument': truncation from 'double' to 'float'
C:\CS330Content2025\Projects\7-1_FinalProjectMilestones\Source\SceneManager.cpp(618,17): warning C4305: 'argument': truncation from 'double' to 'float'
C:\CS330Content2025\Projects\7-1_FinalProjectMilestones\Source\SceneManager.cpp(784,27): warning C4305: 'argument': truncation from 'double' to 'float'
C:\CS330Content2025\Projects\7-1_FinalProjectMilestones\Source\SceneManager.cpp(784,22): warning C4305: 'argument': truncation from 'double' to 'float'
C:\CS330Content2025\Projects\7-1_FinalProjectMilestones\Source\SceneManager.cpp(784,17): warning C4305: 'argument': truncation from 'double' to 'float'
C:\CS330Content2025\Projects\7-1_FinalProjectMilestones\Source\SceneManager.cpp(869,27): warning C4305: 'argument': truncation from 'double' to 'float'
C:\CS330Content2025\Projects\7-1_FinalProjectMilestones\Source\SceneManager.cpp(869,22): warning C4305: 'argument': truncation from 'double' to 'float'
C:\CS330Content2025\Projects\7-1_FinalProjectMilestones\Source\SceneManager.cpp(869,17): warning C4305: 'argument': truncation from 'double' to 'float'
C:\CS330Content2025\Projects\7-1_FinalProjectMilestones\Source\SceneManager.cpp(952,25): warning C4305: 'argument': truncation from 'double' to 'float'
C:\CS330Content2025\Projects\7-1_FinalProjectMilestones\Source\SceneManager.cpp(952,21): warning C4305: 'argument': truncation from 'double' to 'float'
C:\CS330Content2025\Projects\7-1_FinalProjectMilestones\Source\SceneManager.cpp(952,17): warning C4305: 'argument': truncation from 'double' to 'float'
C:\CS330Content2025\Projects\7-1_FinalProjectMilestones\Source\SceneManager.cpp(1010,26): warning C4305: 'argument': truncation from 'double' to 'float'
C:\CS330Content2025\Projects\7-1_FinalProjectMilestones\Source\SceneManager.cpp(1010,17): warning C4305: 'argument': truncation from 'double' to 'float'
C:\CS330Content2025\Projects\7-1_FinalProjectMilestones\Source\SceneManager.cpp(1068,27): warning C4305: 'argument': truncation from 'double' to 'float'
C:\CS330Content2025\Projects\7-1_FinalProjectMilestones\Source\SceneManager.cpp(1068,22): warning C4305: 'argument': truncation from 'double' to 'float'
C:\CS330Content2025\Projects\7-1_FinalProjectMilestones\Source\SceneManager.cpp(1068,17): warning C4305: 'argument': truncation from 'double' to 'float'
C:\CS330Content2025\Projects\7-1_FinalProjectMilestones\Source\SceneManager.cpp(1095,20): warning C4305: 'argument': truncation from 'double' to 'float'
C:\CS330Content2025\Projects\7-1_FinalProjectMilestones\Source\SceneManager.cpp(1121,17): warning C4305: 'argument': truncation from 'double' to 'float'
C:\CS330Content2025\Projects\7-1_FinalProjectMilestones\Source\SceneManager.cpp(1173,20): warning C4305: 'argument': truncation from 'double' to 'float'
C:\CS330Content2025\Projects\7-1_FinalProjectMilestones\Source\SceneManager.cpp(1200,25): warning C4305: 'argument': truncation from 'double' to 'float'
C:\CS330Content2025\Projects\7-1_FinalProjectMilestones\Source\SceneManager.cpp(1200,21): warning C4305: 'argument': truncation from 'double' to 'float'
C:\CS330Content2025\Projects\7-1_FinalProjectMilestones\Source\SceneManager.cpp(1200,17): warning C4305: 'argument': truncation from 'double' to 'float'
C:\CS330Content2025\Projects\7-1_FinalProjectMilestones\Source\SceneManager.cpp(1226,27): warning C4305: 'argument': truncation from 'double' to 'float'
C:\CS330Content2025\Projects\7-1_FinalProjectMilestones\Source\SceneManager.cpp(1226,22): warning C4305: 'argument': truncation from 'double' to 'float'
C:\CS330Content2025\Projects\7-1_FinalProjectMilestones\Source\SceneManager.cpp(1226,17): warning C4305: 'argument': truncation from 'double' to 'float'
C:\CS330Content2025\Projects\7-1_FinalProjectMilestones\Source\SceneManager.cpp(1470,25): warning C4305: 'argument': truncation from 'double' to 'float'
C:\CS330Content2025\Projects\7-1_FinalProjectMilestones\Source\SceneManager.cpp(1470,21): warning C4305: 'argument': truncation from 'double' to 'float'
C:\CS330Content2025\Projects\7-1_FinalProjectMilestones\Source\SceneManager.cpp(1470,17): warning C4305: 'argument': truncation from 'double' to 'float'
C:\CS330Content2025\Projects\7-1_FinalProjectMilestones\Source\SceneManager.cpp(1496,25): warning C4305: 'argument': truncation from 'double' to 'float'
C:\CS330Content2025\Projects\7-1_FinalProjectMilestones\Source\SceneManager.cpp(1496,21): warning C4305: 'argument': truncation from 'double' to 'float'
C:\CS330Content2025\Projects\7-1_FinalProjectMilestones\Source\SceneManager.cpp(1496,17): warning C4305: 'argument': truncation from 'double' to 'float'
C:\CS330Content2025\Projects\7-1_FinalProjectMilestones\Source\SceneManager.cpp(1522,25): warning C4305: 'argument': truncation from 'double' to 'float'
C:\CS330Content2025\Projects\7-1_FinalProjectMilestones\Source\SceneManager.cpp(1522,21): warning C4305: 'argument': truncation from 'double' to 'float'
C:\CS330Content2025\Projects\7-1_FinalProjectMilestones\Source\SceneManager.cpp(1522,17): warning C4305: 'argument': truncation from 'double' to 'float'
C:\CS330Content2025\Projects\7-1_FinalProjectMilestones\Source\SceneManager.cpp(1548,25): warning C4305: 'argument': truncation from 'double' to 'float'
C:\CS330Content2025\Projects\7-1_FinalProjectMilestones\Source\SceneManager.cpp(1548,21): warning C4305: 'argument': truncation from 'double' to 'float'
C:\CS330Content2025\Projects\7-1_FinalProjectMilestones\Source\SceneManager.cpp(1548,17): warning C4305: 'argument': truncation from 'double' to 'float'
C:\CS330Content2025\Projects\7-1_FinalProjectMilestones\Source\SceneManager.cpp(1575,27): warning C4305: 'argument': truncation from 'double' to 'float'
C:\CS330Content2025\Projects\7-1_FinalProjectMilestones\Source\SceneManager.cpp(1575,22): warning C4305: 'argument': truncation from 'double' to 'float'
C:\CS330Content2025\Projects\7-1_FinalProjectMilestones\Source\SceneManager.cpp(1575,17): warning C4305: 'argument': truncation from 'double' to 'float'
C:\CS330Content2025\Projects\7-1_FinalProjectMilestones\Source\SceneManager.cpp(1601,25): warning C4305: 'argument': truncation from 'double' to 'float'
C:\CS330Content2025\Projects\7-1_FinalProjectMilestones\Source\SceneManager.cpp(1601,21): warning C4305: 'argument': truncation from 'double' to 'float'
C:\CS330Content2025\Projects\7-1_FinalProjectMilestones\Source\SceneManager.cpp(1601,17): warning C4305: 'argument': truncation from 'double' to 'float'
C:\CS330Content2025\Projects\7-1_FinalProjectMilestones\Source\SceneManager.cpp(1627,25): warning C4305: 'argument': truncation from 'double' to 'float'
C:\CS330Content2025\Projects\7-1_FinalProjectMilestones\Source\SceneManager.cpp(1627,21): warning C4305: 'argument': truncation from 'double' to 'float'
C:\CS330Content2025\Projects\7-1_FinalProjectMilestones\Source\SceneManager.cpp(1627,17): warning C4305: 'argument': truncation from 'double' to 'float'
C:\CS330Content2025\Projects\7-1_FinalProjectMilestones\Source\SceneManager.cpp(1739,25): warning C4305: 'argument': truncation from 'double' to 'float'
C:\CS330Content2025\Projects\7-1_FinalProjectMilestones\Source\SceneManager.cpp(1739,21): warning C4305: 'argument': truncation from 'double' to 'float'
C:\CS330Content2025\Projects\7-1_FinalProjectMilestones\Source\SceneManager.cpp(1739,17): warning C4305: 'argument': truncation from 'double' to 'float'
C:\CS330Content2025\Projects\7-1_FinalProjectMilestones\Source\SceneManager.cpp(1766,25): warning C4305: 'argument': truncation from 'double' to 'float'
C:\CS330Content2025\Projects\7-1_FinalProjectMilestones\Source\SceneManager.cpp(1766,21): warning C4305: 'argument': truncation from 'double' to 'float'
C:\CS330Content2025\Projects\7-1_FinalProjectMilestones\Source\SceneManager.cpp(1766,17): warning C4305: 'argument': truncation from 'double' to 'float'
C:\CS330Content2025\Projects\7-1_FinalProjectMilestones\Source\SceneManager.cpp(1824,27): warning C4305: 'argument': truncation from 'double' to 'float'
C:\CS330Content2025\Projects\7-1_FinalProjectMilestones\Source\SceneManager.cpp(1824,22): warning C4305: 'argument': truncation from 'double' to 'float'
C:\CS330Content2025\Projects\7-1_FinalProjectMilestones\Source\SceneManager.cpp(1824,17): warning C4305: 'argument': truncation from 'double' to 'float'
C:\CS330Content2025\Projects\7-1_FinalProjectMilestones\Source\SceneManager.cpp(1850,25): warning C4305: 'argument': truncation from 'double' to 'float'
C:\CS330Content2025\Projects\7-1_FinalProjectMilestones\Source\SceneManager.cpp(1850,21): warning C4305: 'argument': truncation from 'double' to 'float'
C:\CS330Content2025\Projects\7-1_FinalProjectMilestones\Source\SceneManager.cpp(1850,17): warning C4305: 'argument': truncation from 'double' to 'float'
C:\CS330Content2025\Projects\7-1_FinalProjectMilestones\Source\SceneManager.cpp(1876,27): warning C4305: 'argument': truncation from 'double' to 'float'
C:\CS330Content2025\Projects\7-1_FinalProjectMilestones\Source\SceneManager.cpp(1876,22): warning C4305: 'argument': truncation from 'double' to 'float'
C:\CS330Content2025\Projects\7-1_FinalProjectMilestones\Source\SceneManager.cpp(1876,17): warning C4305: 'argument': truncation from 'double' to 'float'
C:\CS330Content2025\Projects\7-1_FinalProjectMilestones\Source\SceneManager.cpp(1901,25): warning C4305: 'argument': truncation from 'double' to 'float'
C:\CS330Content2025\Projects\7-1_FinalProjectMilestones\Source\SceneManager.cpp(1901,21): warning C4305: 'argument': truncation from 'double' to 'float'
C:\CS330Content2025\Projects\7-1_FinalProjectMilestones\Source\SceneManager.cpp(1901,17): warning C4305: 'argument': truncation from 'double' to 'float'
C:\CS330Content2025\Projects\7-1_FinalProjectMilestones\Source\SceneManager.cpp(1927,27): warning C4305: 'argument': truncation from 'double' to 'float'
C:\CS330Content2025\Projects\7-1_FinalProjectMilestones\Source\SceneManager.cpp(1927,22): warning C4305: 'argument': truncation from 'double' to 'float'
C:\CS330Content2025\Projects\7-1_FinalProjectMilestones\Source\SceneManager.cpp(1927,17): warning C4305: 'argument': truncation from 'double' to 'float'
C:\CS330Content2025\Projects\7-1_FinalProjectMilestones\Source\SceneManager.cpp(1953,25): warning C4305: 'argument': truncation from 'double' to 'float'
C:\CS330Content2025\Projects\7-1_FinalProjectMilestones\Source\SceneManager.cpp(1953,21): warning C4305: 'argument': truncation from 'double' to 'float'
C:\CS330Content2025\Projects\7-1_FinalProjectMilestones\Source\SceneManager.cpp(1953,17): warning C4305: 'argument': truncation from 'double' to 'float'
C:\CS330Content2025\Projects\7-1_FinalProjectMilestones\Source\SceneManager.cpp(1979,27): warning C4305: 'argument': truncation from 'double' to 'float'
C:\CS330Content2025\Projects\7-1_FinalProjectMilestones\Source\SceneManager.cpp(1979,22): warning C4305: 'argument': truncation from 'double' to 'float'
C:\CS330Content2025\Projects\7-1_FinalProjectMilestones\Source\SceneManager.cpp(1979,17): warning C4305: 'argument': truncation from 'double' to 'float'
C:\CS330Content2025\Projects\7-1_FinalProjectMilestones\Source\SceneManager.cpp(2005,25): warning C4305: 'argument': truncation from 'double' to 'float'
C:\CS330Content2025\Projects\7-1_FinalProjectMilestones\Source\SceneManager.cpp(2005,21): warning C4305: 'argument': truncation from 'double' to 'float'
C:\CS330Content2025\Projects\7-1_FinalProjectMilestones\Source\SceneManager.cpp(2005,17): warning C4305: 'argument': truncation from 'double' to 'float'
C:\CS330Content2025\Projects\7-1_FinalProjectMilestones\Source\SceneManager.cpp(2033,27): warning C4305: 'argument': truncation from 'double' to 'float'
C:\CS330Content2025\Projects\7-1_FinalProjectMilestones\Source\SceneManager.cpp(2033,22): warning C4305: 'argument': truncation from 'double' to 'float'
C:\CS330Content2025\Projects\7-1_FinalProjectMilestones\Source\SceneManager.cpp(2033,17): warning C4305: 'argument': truncation from 'double' to 'float'
C:\CS330Content2025\Projects\7-1_FinalProjectMilestones\Source\SceneManager.cpp(2060,25): warning C4305: 'argument': truncation from 'double' to 'float'
C:\CS330Content2025\Projects\7-1_FinalProjectMilestones\Source\SceneManager.cpp(2060,21): warning C4305: 'argument': truncation from 'double' to 'float'
C:\CS330Content2025\Projects\7-1_FinalProjectMilestones\Source\SceneManager.cpp(2060,17): warning C4305: 'argument': truncation from 'double' to 'float'
C:\CS330Content2025\Projects\7-1_FinalProjectMilestones\Source\SceneManager.cpp(2087,25): warning C4305: 'argument': truncation from 'double' to 'float'
C:\CS330Content2025\Projects\7-1_FinalProjectMilestones\Source\SceneManager.cpp(2087,21): warning C4305: 'argument': truncation from 'double' to 'float'
C:\CS330Content2025\Projects\7-1_FinalProjectMilestones\Source\SceneManager.cpp(2087,17): warning C4305: 'argument': truncation from 'double' to 'float'
  7-1_FinalProjectMilestones.vcxproj -> C:\CS330Content2025\Projects\7-1_FinalProjectMilestones\Debug\7-1_FinalProjectMilestones.exe
  Copy EXE to Solution Folder
          1 file(s) copied.
